c:\dev\c++\aeye framework\cmp304\cmp304_week2\tbsgame\tbsgame\x64\debug\vc143.pdb
c:\dev\c++\aeye framework\cmp304\cmp304_week2\tbsgame\tbsgame\x64\debug\vc143.idb
c:\dev\c++\aeye framework\cmp304\cmp304_week2\tbsgame\tbsgame\x64\debug\tbsgame.obj
c:\dev\c++\aeye framework\cmp304\cmp304_week2\tbsgame\tbsgame\x64\debug\aiconstructor_rbs.obj
c:\dev\c++\aeye framework\cmp304\cmp304_week2\tbsgame\tbsgame\x64\debug\aiconstructor_dt.obj
c:\dev\c++\aeye framework\cmp304\cmp304_week2\tbsgame\tbsgame\x64\debug\rbs_reasoner.obj
c:\dev\c++\aeye framework\cmp304\cmp304_week2\tbsgame\tbsgame\x64\debug\gamecontroller.obj
c:\dev\c++\aeye framework\cmp304\cmp304_week2\tbsgame\tbsgame\x64\debug\dt_reasoner.obj
c:\dev\c++\aeye framework\cmp304\cmp304_week2\tbsgame\tbsgame\x64\debug\aiactor_unit.obj
c:\dev\c++\aeye framework\cmp304\cmp304_week2\tbsgame\tbsgame\x64\debug\aibrain_tbs.obj
c:\dev\c++\aeye framework\cmp304\cmp304_week2\tbsgame\tbsgame\x64\debug\tbsgame.ilk
c:\dev\c++\aeye framework\cmp304\cmp304_week2\tbsgame\x64\debug\tbsgame.pdb
c:\dev\c++\aeye framework\cmp304\cmp304_week2\tbsgame\tbsgame\x64\debug\tbsgame.tlog\cl.command.1.tlog
c:\dev\c++\aeye framework\cmp304\cmp304_week2\tbsgame\tbsgame\x64\debug\tbsgame.tlog\cl.items.tlog
c:\dev\c++\aeye framework\cmp304\cmp304_week2\tbsgame\tbsgame\x64\debug\tbsgame.tlog\cl.read.1.tlog
c:\dev\c++\aeye framework\cmp304\cmp304_week2\tbsgame\tbsgame\x64\debug\tbsgame.tlog\cl.write.1.tlog
c:\dev\c++\aeye framework\cmp304\cmp304_week2\tbsgame\tbsgame\x64\debug\tbsgame.tlog\link.40244-cvtres.read.1.tlog
c:\dev\c++\aeye framework\cmp304\cmp304_week2\tbsgame\tbsgame\x64\debug\tbsgame.tlog\link.40244-cvtres.write.1.tlog
c:\dev\c++\aeye framework\cmp304\cmp304_week2\tbsgame\tbsgame\x64\debug\tbsgame.tlog\link.40244-rc.read.1.tlog
c:\dev\c++\aeye framework\cmp304\cmp304_week2\tbsgame\tbsgame\x64\debug\tbsgame.tlog\link.40244-rc.write.1.tlog
c:\dev\c++\aeye framework\cmp304\cmp304_week2\tbsgame\tbsgame\x64\debug\tbsgame.tlog\link.40244.read.1.tlog
c:\dev\c++\aeye framework\cmp304\cmp304_week2\tbsgame\tbsgame\x64\debug\tbsgame.tlog\link.40244.read.2.tlog
c:\dev\c++\aeye framework\cmp304\cmp304_week2\tbsgame\tbsgame\x64\debug\tbsgame.tlog\link.40244.write.1.tlog
c:\dev\c++\aeye framework\cmp304\cmp304_week2\tbsgame\tbsgame\x64\debug\tbsgame.tlog\link.command.1.tlog
c:\dev\c++\aeye framework\cmp304\cmp304_week2\tbsgame\tbsgame\x64\debug\tbsgame.tlog\link.read.1.tlog
c:\dev\c++\aeye framework\cmp304\cmp304_week2\tbsgame\tbsgame\x64\debug\tbsgame.tlog\link.secondary.1.tlog
c:\dev\c++\aeye framework\cmp304\cmp304_week2\tbsgame\tbsgame\x64\debug\tbsgame.tlog\link.write.1.tlog
